// Jest Snapshot v1, https://goo.gl/fbAQLP

exports[`<AnnouncementContainer /> should render correctly 1`] = `
<div>
  <div
    class="css-ql39e"
  >
    <div
      class="css-roynbj"
      data-paste-element="BOX"
    >
      <div
        class="css-slcqjs"
        data-paste-element="BOX"
        data-testid="test-announcement"
      >
        <div
          class="css-7efx7i"
          data-paste-element="ALERT"
          data-testid="test-announcement"
          role="alert"
        >
          <div
            class="css-1sekzvp"
            data-paste-element="MEDIA_OBJECT"
            display="flex"
          >
            <div
              class="css-1llkq7k"
              data-paste-element="MEDIA_FIGURE"
              display="flex"
            >
              <span
                class="css-q4ysse"
                color="colorTextIconWarning"
                data-paste-element="ALERT_ICON"
                display="block"
              >
                <svg
                  aria-hidden="false"
                  fill="none"
                  height="100%"
                  role="img"
                  viewBox="0 0 20 20"
                  width="100%"
                >
                  <title>
                    warning: 
                  </title>
                  <path
                    clip-rule="evenodd"
                    d="M17.798 14.791L11.316 3.744c-.582-.992-2.05-.992-2.632 0L2.202 14.79C1.625 15.776 2.354 17 3.518 17h12.964c1.164 0 1.893-1.224 1.316-2.209zM9.99 8h.02c.611.007 1.073.592.978 1.244l-.428 2.238c-.04.296-.278.518-.557.518h-.006c-.279 0-.516-.222-.557-.518l-.428-2.238C8.917 8.592 9.386 8 9.99 8zm.01 7a1 1 0 100-2 1 1 0 000 2z"
                    fill="currentColor"
                    fill-rule="evenodd"
                  />
                </svg>
              </span>
            </div>
            <div
              class="css-1i39mnm"
              data-paste-element="MEDIA_BODY"
            >
              <div>
                <a
                  class="css-lhd4qj"
                  color="colorTextLink"
                  data-paste-element="ANCHOR"
                  font-size="inherit"
                  font-weight="inherit"
                  href="https://test.url"
                  rel="noreferrer noopener"
                  target="_self"
                  text-decoration="underline"
                >
                  link
                </a>
                <span>
                  &lt;em&gt;
                </span>
                <span
                  class="css-1n4qplb"
                  color="colorText"
                  data-paste-element="TEXT"
                  font-size="fontSize30"
                >
                  test
                </span>
                <span>
                  &lt;/em&gt;
                </span>
                <span
                  class="css-1n4qplb"
                  color="colorText"
                  data-paste-element="TEXT"
                  font-size="fontSize30"
                >
                  some random text
                </span>
              </div>
            </div>
          </div>
        </div>
      </div>
    </div>
  </div>
</div>
`;
